[lineradio.app/index.html]
[backblue.gif]
[fade.gif]
[index.html]
[lineradio.app/styles.db404500be887cabb22e.css]
[lineradio.app/favicon.ico]
[lineradio.app/favicon-32x326341.png]
[lineradio.app/manifest.webmanifest]
[lineradio.app/icons/icon-48x486341.png]
[lineradio.app/icons/icon-72x726341.png]
[lineradio.app/icons/icon-96x966341.png]
[lineradio.app/icons/icon-144x1446341.png]
[lineradio.app/icons/icon-192x1926341.png]
[lineradio.app/icons/icon-256x2566341.png]
[lineradio.app/icons/icon-384x3846341.png]
[lineradio.app/icons/icon-512x5126341.png]
[lineradio.app/webpack-runtime-162608bf0c51f270839f.js]
[lineradio.app/framework-c5c887c038a86482cf43.js]
[lineradio.app/app-a93429ac0cd9138530fe.js]
[lineradio.app/styles-53aa9d4f42ead6242a9b.js]
[lineradio.app/component---src-pages-index-js-836bf26b152893a6b30e.js]
[lineradio.app/page-data/index/page-data.json]
[lineradio.app/static/d/3162885417.json]
[lineradio.app/page-data/app-data.json]
[lineradio.app/index.html]
[lineradio.app/styles.db404500be887cabb22e.css]
[lineradio.app/polyfill-0cb3af380b928d16aabf.js]
